// Jest Snapshot v1, https://goo.gl/fbAQLP

exports[`<Badge  /> should match snapshot 1`] = `
.c0 {
  padding: 4px;
  background-color: #007bff;
  color: white;
  font-size: 12px;
  border-radius: 99999px;
  display: inline-block;
  min-width: 64px;
  text-align: center;
}

<div
  class="c0"
>
  Test
</div>
`;
