// Jest Snapshot v1, https://goo.gl/fbAQLP

exports[`<FavoritePage /> should match the snapshot 1`] = `
.c0 {
  max-width: 100%;
  margin: auto;
  padding: 16px;
}

.c1 {
  padding: 16px;
  box-shadow: 0 0 4px rgba(0,0,0,.125);
}

.c3 {
  outline: none;
  padding: 8px;
  background-color: #007bff;
  color: white;
  border-radius: 6px;
  border: 2px solid #007bff;
}

.c3:hover,
.c3:focus {
  background-color: #004896;
  border-color: #004896;
}

.c2 {
  text-align: center;
}

@media (min-width:576px) {
  .c0 {
    max-width: 576px;
  }
}

@media (min-width:768px) {
  .c0 {
    max-width: 768px;
  }
}

@media (min-width:992px) {
  .c0 {
    max-width: 992px;
  }
}

@media (min-width:1200px) {
  .c0 {
    max-width: 1200px;
  }
}

<div
  class="c0"
>
  <div
    class="c1"
  >
    <div>
      <div
        class="c2"
      >
        <p>
          You must login to see your favorite universities
        </p>
        <button
          class="c3"
        >
          Login
        </button>
      </div>
    </div>
  </div>
</div>
`;
