// Jest Snapshot v1, https://goo.gl/fbAQLP

exports[`<Card  /> should match snapshot 1`] = `
.c0 {
  padding: 16px;
  box-shadow: 0 0 4px rgba(0,0,0,.125);
}

.c1 {
  font-size: 24px;
  font-weight: bold;
}

<div
  class="c0"
>
  <div
    class="c1"
  >
    Test
  </div>
  <div>
    Test content
  </div>
</div>
`;
